------------------------------------------------------------
TimeQuest Timing Analyzer Summary
------------------------------------------------------------

Type  : Slow 1200mV 85C Model Setup 'inst1|altpll_component|auto_generated|pll1|clk[0]'
Slack : -9.540
TNS   : -27.548

Type  : Slow 1200mV 85C Model Setup 'VGA_SYNC:inst8|pixel_column[0]'
Slack : -4.271
TNS   : -50.970

Type  : Slow 1200mV 85C Model Hold 'VGA_SYNC:inst8|pixel_column[0]'
Slack : -6.999
TNS   : -104.085

Type  : Slow 1200mV 85C Model Hold 'inst1|altpll_component|auto_generated|pll1|clk[0]'
Slack : 0.358
TNS   : 0.000

Type  : Slow 1200mV 85C Model Minimum Pulse Width 'VGA_SYNC:inst8|pixel_column[0]'
Slack : -3.064
TNS   : -317.887

Type  : Slow 1200mV 85C Model Minimum Pulse Width 'clk'
Slack : 9.825
TNS   : 0.000

Type  : Slow 1200mV 85C Model Minimum Pulse Width 'inst1|altpll_component|auto_generated|pll1|clk[0]'
Slack : 19.736
TNS   : 0.000

Type  : Slow 1200mV 0C Model Setup 'inst1|altpll_component|auto_generated|pll1|clk[0]'
Slack : -8.388
TNS   : -24.291

Type  : Slow 1200mV 0C Model Setup 'VGA_SYNC:inst8|pixel_column[0]'
Slack : -3.837
TNS   : -47.319

Type  : Slow 1200mV 0C Model Hold 'VGA_SYNC:inst8|pixel_column[0]'
Slack : -6.096
TNS   : -91.136

Type  : Slow 1200mV 0C Model Hold 'inst1|altpll_component|auto_generated|pll1|clk[0]'
Slack : 0.312
TNS   : 0.000

Type  : Slow 1200mV 0C Model Minimum Pulse Width 'VGA_SYNC:inst8|pixel_column[0]'
Slack : -2.737
TNS   : -280.678

Type  : Slow 1200mV 0C Model Minimum Pulse Width 'clk'
Slack : 9.785
TNS   : 0.000

Type  : Slow 1200mV 0C Model Minimum Pulse Width 'inst1|altpll_component|auto_generated|pll1|clk[0]'
Slack : 19.741
TNS   : 0.000

Type  : Fast 1200mV 0C Model Setup 'inst1|altpll_component|auto_generated|pll1|clk[0]'
Slack : -5.286
TNS   : -15.303

Type  : Fast 1200mV 0C Model Setup 'VGA_SYNC:inst8|pixel_column[0]'
Slack : -1.927
TNS   : -22.464

Type  : Fast 1200mV 0C Model Hold 'VGA_SYNC:inst8|pixel_column[0]'
Slack : -3.898
TNS   : -57.873

Type  : Fast 1200mV 0C Model Hold 'inst1|altpll_component|auto_generated|pll1|clk[0]'
Slack : 0.187
TNS   : 0.000

Type  : Fast 1200mV 0C Model Minimum Pulse Width 'VGA_SYNC:inst8|pixel_column[0]'
Slack : -1.595
TNS   : -147.070

Type  : Fast 1200mV 0C Model Minimum Pulse Width 'clk'
Slack : 9.585
TNS   : 0.000

Type  : Fast 1200mV 0C Model Minimum Pulse Width 'inst1|altpll_component|auto_generated|pll1|clk[0]'
Slack : 19.748
TNS   : 0.000

------------------------------------------------------------
