------------------------------------------------------------
TimeQuest Timing Analyzer Summary
------------------------------------------------------------

Type  : Slow 1200mV 85C Model Setup 'inst1|altpll_component|auto_generated|pll1|clk[0]'
Slack : -9.975
TNS   : -19.822

Type  : Slow 1200mV 85C Model Setup 'VGA_SYNC:inst8|pixel_column[0]'
Slack : -3.793
TNS   : -51.124

Type  : Slow 1200mV 85C Model Hold 'VGA_SYNC:inst8|pixel_column[0]'
Slack : -8.120
TNS   : -120.819

Type  : Slow 1200mV 85C Model Hold 'inst1|altpll_component|auto_generated|pll1|clk[0]'
Slack : 0.358
TNS   : 0.000

Type  : Slow 1200mV 85C Model Minimum Pulse Width 'VGA_SYNC:inst8|pixel_column[0]'
Slack : -3.110
TNS   : -303.439

Type  : Slow 1200mV 85C Model Minimum Pulse Width 'clk'
Slack : 9.825
TNS   : 0.000

Type  : Slow 1200mV 85C Model Minimum Pulse Width 'inst1|altpll_component|auto_generated|pll1|clk[0]'
Slack : 19.736
TNS   : 0.000

Type  : Slow 1200mV 0C Model Setup 'inst1|altpll_component|auto_generated|pll1|clk[0]'
Slack : -8.869
TNS   : -17.673

Type  : Slow 1200mV 0C Model Setup 'VGA_SYNC:inst8|pixel_column[0]'
Slack : -3.422
TNS   : -46.685

Type  : Slow 1200mV 0C Model Hold 'VGA_SYNC:inst8|pixel_column[0]'
Slack : -7.190
TNS   : -107.747

Type  : Slow 1200mV 0C Model Hold 'inst1|altpll_component|auto_generated|pll1|clk[0]'
Slack : 0.312
TNS   : 0.000

Type  : Slow 1200mV 0C Model Minimum Pulse Width 'VGA_SYNC:inst8|pixel_column[0]'
Slack : -2.729
TNS   : -268.087

Type  : Slow 1200mV 0C Model Minimum Pulse Width 'clk'
Slack : 9.785
TNS   : 0.000

Type  : Slow 1200mV 0C Model Minimum Pulse Width 'inst1|altpll_component|auto_generated|pll1|clk[0]'
Slack : 19.741
TNS   : 0.000

Type  : Fast 1200mV 0C Model Setup 'inst1|altpll_component|auto_generated|pll1|clk[0]'
Slack : -5.565
TNS   : -11.068

Type  : Fast 1200mV 0C Model Setup 'VGA_SYNC:inst8|pixel_column[0]'
Slack : -1.908
TNS   : -22.773

Type  : Fast 1200mV 0C Model Hold 'VGA_SYNC:inst8|pixel_column[0]'
Slack : -4.501
TNS   : -68.035

Type  : Fast 1200mV 0C Model Hold 'inst1|altpll_component|auto_generated|pll1|clk[0]'
Slack : 0.187
TNS   : 0.000

Type  : Fast 1200mV 0C Model Minimum Pulse Width 'VGA_SYNC:inst8|pixel_column[0]'
Slack : -1.680
TNS   : -141.879

Type  : Fast 1200mV 0C Model Minimum Pulse Width 'clk'
Slack : 9.585
TNS   : 0.000

Type  : Fast 1200mV 0C Model Minimum Pulse Width 'inst1|altpll_component|auto_generated|pll1|clk[0]'
Slack : 19.748
TNS   : 0.000

------------------------------------------------------------
